// Jest Snapshot v1, https://goo.gl/fbAQLP

exports[`Accordion Component renders empty li element if no props 1`] = `<ul />`;

exports[`Accordion Component renders no sections as active by default 1`] = `
<ul>
  <li>
    <button
      onClick={[Function]}
    >
      Section 1
    </button>
    <p />
  </li>
  <li>
    <button
      onClick={[Function]}
    >
      Section 2
    </button>
    <p />
  </li>
  <li>
    <button
      onClick={[Function]}
    >
      Section 3
    </button>
    <p />
  </li>
</ul>
`;
